54674c02f39fb518748b9cef0270cf5c08f99fd23d4ff57cd4a65cd6e834f509
