
> test-proj@1.0.0 start /usr/src/app
> node server.js

Running on http://localhost:8080
