74147e7794ac3366170d76fd2216271544e5c1b9638c4c4df63bcf6a6d72333a
